SRPPRRSRRRSPSPRPRRRPRSPPPSRPPPSRSSRSRSPPSPRPRRPRRPSSPSPSSSPSPRRPPPPPSSRPRPRPPRRSPPRPRSRSSSPSPSPRSPRSPSPPRPPSSSPPSRPSPPRPRRSRSPPPPSPSRRRSRPRSPPPRRSRPRSSRSRPPRRSRRRPPSPSPPPRRSPPRSPPPSRSPPSPRRSPPSSRSPPRPR
SSSSRRRPSSPSPSRSSRRRSRPSRSSPPSPRPPPSSPSSPPRPRSRPSRSRPSSPSPPRPPSRSRSSRPSSRRPRPSPSSRPSPRRRPRPRPPSPPRSSPPSRPSSPPRRPSPPPPSSRSPSRPSRRSPSRPSPRSRSSSRPPPSPPSPPPRPPRRRPRSPRSRRPRRSRRSRRPSPPRSPPSRPPPPPRSSPRRSPSRR
PRSRPPRRRRPPSSPRPSSSSSSSPPSSSPPSSPSSSRPSSSSSSSPSRPPRPRRRSRSPSRSRPSRSRRRRSPRRRSSRRRSRSRSSRRSRPPRSPPPPPRRRSSSSRRSSPRRRPPRPSSRPPPRPRRSRPSRPPSPRSRPRPPSSRRPRPSPRSPRRPPPPSSPPSSPRSRSSSRPPSPPRPPSPPPRPSRRPPRPRR
RPRRSPPRPPSPRSRRPRSPSRRRPSRSPSRRPRRPSPRRSSRPRSSRRRRRSSRPSPPPRRSSSSSRSPSRPRPRSRPRSRPSRSPRRPSSSRPRPRPSSRRSSSPRRSRSSSPSRPRPSRRPSSSRRSRSPPPRSRSRPSPSPRSSPPPRSRPSPSRSPPRPPSPRSPRSSRRSSPRPPRRPSPRSRSRRPRRSSRPPR
PRPSSPRSRPRPPSSSSRPRRPPSSSSRRRRSPRRRRPSRSPRRPPRPPPPSPRRRRPPRSPSSRSSRSSSRPRRRPSPPPSPSRPSSSPRRPPPPSSRRRPSRPRRPRRRSPPSSRPSPPPRRSSRRRPPRSPRSPSRSPPRSSSPSRRSRRSRSRRRPRPPSRPRPRRPPRSRPRRRPPPRRSRRPRSSRRPRPRSRSS
RRRRSSSRSPSSPRRRSPPPRPSRRRRSRSSSRRRPRPRPPPPRRPRPPPPRSPSRPSPRSPPSPSSPRPSRRSRRPRSSPRSSPSRRPRRPSSRRPRPPPPSRSSRPSRPSRSSPRPSPSSPSRPPPSSRRRRSPSSSPRSPRRPPSSRRPPSPPRPSSSPSSSRRPPPSRSRSSSPPSRSPRRSSRPSPRSRRRSPPSS
SPSPRPPSPPPSPRSSSSRPRRPSSSRSRSRPSPSPRPPSPSSSPSSSSPRSPRRPSSRPPSSSSRSRPPRSRRRPPRSSPPRSPRSPRSPSRPSPRSPRPPRSSPRSPRPSSPPRSSRRPSRSPPRRRPPRPPPRPPRPRSRSRRRSRPRSRPPSPRPRSPPSPSSRPSSRRSPSSPPPPPSPPRPRRRPRRRSPSRRPS
PPSPRRRSSPRPRPSPRRPRSRSRRPPPRSRRPRRSRPSRPSSPPRSSRPPPPSSRRSRRRPPPRSRRRPPRPSRPRRRPSRRRPSPSPSPSSSRRSPRRSRPSRSPRSSSSSSRSRPRRRPPRSPPRSSSRSPSSSSSSSRRSSPPPSPPRSPRSPRPPRPRPRSRSSRRPPPPRSPPRRRPRRPRPRRSPRPRRPPSRS
PRPPRPRRRPPRPRSSRRPRRPRSPRSPPPPPPSRPRPPRRRPSPPSSPPPRRSPRPPRSSRRPPRPPSSSSPRRPPPPSRPRSSRPPRPRRSSRRSRSRRRPRRSRRPSRSPSRRRPSSPRRPSSSRRSRSPSSPRRSSPSSSRRSPRPRSRRSPPPRRRRSSPPSPRRSSPRRPSPRRSSSRPSSPPSSRRPSPSSPRP
PRSRRSRRRRPSSRPPPSSSRPSRPRRSRRSSRSSPRRRRSSRSSPRSPRSRSRPPSSPRRPSSRPRSSPSRPRRRPPPPPSRSRRRSSPSRPRSRSPRPRSPSRRPSPRRRPPSRPSRSSRSRSSPRSSSRSSSSPSSPPSRSRSSSSRPRRPSRSPSSPRSPRPPPRPSSPPPPPRSSRSSSSSPPPRSRSRRSRPPRP
