RSPPSRPPPSRSPSRSPSRSPPSPPRRPRPRRPRPRRPRPRRPRPRSRSPPSPRSPPSRPPPSRSPSRSP
RPPRRSPRPSPSPSPSPSPRPSPSPSPSPSPRRPPRRSPRPSPSPSPSPSPRPSPSPSPSPSPRRPPRRS
PSPSPPRPRPSPPRPRPSPPRPRPSPPRPRPSPPPSPSPPRPRPSPPRPRPSPPRPRPSPPRPRPSPPPS
RSPRRSRPRSSRRRRSPPPRRSRRRPPSPPPRRSPPPPPRRSRRRPPSPPPRRRSPRRSRPRSSRRRRSP
PRSPPSRSPPSPPPPRSRSPPSSRPRSSPRSSPRSSPRSSPRSSPRRSPPSSRPRSPPSRSPPSPPPPRS
PSSPSPSRSSPSSRSSPPSPRPPPSRSSPPSPRPPPSRSSPPSPRPPPSRSSPPSPRPSSPSPSRSSPSS
SSPSSSPSSSPSSSSPPPPPPSSRPPSPSSPSSSPSSSPSSSSPPPPPPSSRPPSPSSPSSSPSSSPSSS
SPPPPSSPPPPSSPRRRRRRRRRRRRRRSPPPPSSPPPPSSPRRRRRRRRRRRRRRSPPPPSSPPPPSSP
PPRRSRRRSPPPRSPRPRRPPRRSRRRSPPPRSPRPRRPPRRSRRRSPPPRSPRPRRPPRRSRRRSPPPR
SPRSPSPPRPPSPRSPSPPRPPSPRSPSPPRPPSPRSPSPPRPPSPRSPSPPRPPSPRSPSPPRPPSPRS
