RPPPPPRPPPRPSPPPRPPPPRPPPSPPPPRPRRPRPRPPRPPPPRPPRPSSPRPSRSPR
PPPPPPPPSRPPPPPPPPPRPPPPPRPSRRPRPSPPSPPRPRPPRPPSRSPPRRPSPPRP
PRSPRPPPPSPSPPPRPPRRPPPPPRPPRRSRSPPPPPRPRRPPRPRPPPPPSPPPRPPP
SRRPPRPPPRPPSRPSPPRPPRSRSPPPPRSPSPRPRRPPPRPPRPSRPPRPPPPPRRPR
RPPPPPRPPRRRPPRRPRPPPPPRRSRRRPPSRPRPPPSPSSPPRPPRPPRPPPPRPPRR
SPPSPPRRPPPPPRPPPPSRRRPSPPRPPRPSPPSPRSPRRRPPPPRPPSPPPPPPRPPP
RRPPRPPPPPSPPSPPPRPPPSPPSPPPPPPPSRPPRSPSPPPPRPPPPPRRPPRRPPPR
SSRSSSPPSSSPPSSPSRRPPSSRSSRRPRPPPPPRRRSPRPRPSPPRPRPPPPRPRPPS
RPRPRPRPRRPPRPPPRRPPPPPPRRRRSSPPRSPPPPPPPPSRPPPPRPPPRRPSRPPR
PRRPPPPPRRPPPPPSPRSPPPPPPPRRPPRSPPSPRSRRPPSPPPPPRPPPPPRRRPPP
