RRPRSRPPRRRRPPSSPRPSSSSSSSPPSSSPPSSPSSSRPSSSSSSSPSRPPRPRRRSRSPSRSRPSRSRRRRSPRRRSSRRRSRSRSSRRSRPPRSPP
PPPRRRSSSSRRSSPRRRPPRPSSRPPPRPRRSRPSRPPSPRSRPRPPSSRRPRPSPRSPRRPPPPSSPPSSPRSRSSSRPPSPPRPPSPPPRPSRRPPR
RPSSRRSSSPRRSRSSSPSRPRPSRRPSSSRRSRSPPPRSRSRPSPSPRSSPPPRSRPSPSRSPPRPPSPRSPRSSRRSSPRPPRRPSPRSRSRRPRRSS
RPPRPRPSSPRSRPRPPSSSSRPRRPPSSSSRRRRSPRRRRPSRSPRRPPRPPPPSPRRRRPPRSPSSRSSRSSSRPRRRPSPPPSPSRPSSSPRRPPPP
SSRRRPSRPRRPRRRSPPSSRPSPPPRRSSRRRPPRSPRSPSRSPPRSSSPSRRSRRSRSRRRPRPPSRPRPRRPPRSRPRRRPPPRRSRRPRSSRRPRP
SRPPRRSRRRSPSPRPRRRPRSPPPSRPPPSRSSRSRSPPSPRPRRPRRPSSPSPSSSPSPRRPPPPPSSRPRPRPPRRSPPRPRSRSSSPSPSPRSPRS
PSPPRPPSSSPPSRPSPPRPRRSRSPPPPSPSRRRSRPRSPPPRRSRPRSSRSRPPRRSRRRPPSPSPPPRRSPPRSPPPSRSPPSPRRSPPSSRSPPRP
SPPSRPSSPPRRPSPPPPSSRSPSRPSRRSPSRPSPRSRSSSRPPPSPPSPPPRPPRRRPRSPRSRRPRRSRRSRRPSPPRSPPSRPPPPPRSSPRRSPS
PRRRPRRSPPRPPSPRSRRPRSPSRRRPSRSPSRRPRRPSPRRSSRPRSSRRRRRSSRPSPPPRRSSSSSRSPSRPRPRSRPRSRPSRSPRRPSSSRPRP
RSSSSRRRPSSPSPSRSSRRRSRPSRSSPPSPRPPPSSPSSPPRPRSRPSRSRPSSPSPPRPPSRSRSSRPSSRRPRPSPSSRPSPRRRPRPRPPSPPRS
