SRPPRRSRRRSPSPRPRRRPRSPPPSRPPPSRSSRSRSPPSPRPRRPRRPSSPSPSSSPSPRRPPPPPSSRPRPRPPRRSPPRPRSRSSSPSPSPRSPRSPSPPRPPSSSPPSRPSPPRPRRSRSPPPPSPSRRRSRPRSPPPRRSRPRSSRSRPPRRSRRRPPSPSPPPRRSPPRSPPPSRSPPSPRRSPPSSRSPPRPRSSSSRRRPSSPSPSRSSRRRSRPSRSSPPSPRPPPSSPSSPPRPRSRPSRSRPSSPSPPRPPSRSRSSRPSSRRPRPSPSSRPSPRRRPRPRPPSPPRSSPPSRPSSPPRRPSPPPPSSRSPSRPSRRSPSRPSPRSRSSSRPPPSPPSPPPRPPRRRPRSPRSRRPRRSRRSRRPSPPRSPPSRPPPPPRSSPRRSPSRRPRSRPPRRRRPPSSPRPSSSSSSSPPSSSPPSSPSSSRPSSSSSSSPSRPPRPRRRSRSPSRSRPSRSRRRRSPRRRSSRRRSRSRSSRRSRPPRSPPPPPRRRSSSSRRSSPRRRPPRPSSRPPPRPRRSRPSRPPSPRSRPRPPSSRRPRPSPRSPRRPPPPSSPPSSPRSRSSSRPPSPPRPPSPPPRPSRRPPRPRRRPRRSPPRPPSPRSRRPRSPSRRRPSRSPSRRPRRPSPRRSSRPRSSRRRRRSSRPSPPPRRSSSSSRSPSRPRPRSRPRSRPSRSPRRPSSSRPRPRPSSRRSSSPRRSRSSSPSRPRPSRRPSSSRRSRSPPPRSRSRPSPSPRSSPPPRSRPSPSRSPPRPPSPRSPRSSRRSSPRPPRRPSPRSRSRRPRRSSRPPRPRPSSPRSRPRPPSSSSRPRRPPSSSSRRRRSPRRRRPSRSPRRPPRPPPPSPRRRRPPRSPSSRSSRSSSRPRRRPSPPPSPSRPSSSPRRPPPPSSRRRPSRPRRPRRRSPPSSRPSPPPRRSSRRRPPRSPRSPSRSPPRSSSPSRRSRRSRSRRRPRPPSRPRPRRPPRSRPRRRPPPRRSRRPRSSRRPRP
RSRRSRPPRPSRSRSRPPSSRRSSRSRSSPSRPPPSRPSRRPPSRPPPSPSRRRPRRPPSPSPPRSSPRPSRPRRRPPSPSSRRPRRRRSPSSPRSRPPPRPPPRSSPPRSPRRSPRSSRPRRSPSRPPRPPPSSSSRRSPPRSPSSPRSPPRSSSPRSSSSSRRSPRSRPPSPSRSSSRSRRRPPRSSRSSSSSSRSRPPRSPPSRPPPPSSRSRSRRRSRSSRSPPRRRRPPRRRRRPRSPRPPSRRPSPRRSPPSPSPRRRPRPSPPPRPRSPRSSSRSSRRSSPPPPRRPPRRPSRSRSRRPRSPSPRPSSRRPSRSSPPRRRSSSRSPRSPPPPRPRPPSPSSSRSSPRRSRPSPPRSSPSPSPPSPPSPSSRRRSRPPRSSRPSPSRRSPPPPSPRRSPPRSRRPRSRSSPSPPSRSSRPRRSSSPSPPRPSRRSSRSSRSRRPRRRSRSPPSSSRSRRRRSRRSPPRPPPSSSPRPSRRSSPPPRPRRSPRSPRRRRRSSPRRSSRPSPSPRPPPRRSSPSRRPRSSRSSRPPPSSSSSPRPSSPSRSSSRSRPPPRRSRPPRRSPSRRRRSSRRPPRRRPRPSRPSPSRSRSSRRSPSPRPPRRPPSPSPSPPPSPRRPSRPSRPSRSPRPPPRPSRPRPSRSRPSPRRRRSPRRPRSRRRSRSSRSSPPSPPPPRSRSPSRRPRSSPRRSPPSSSPSSRRPSSPSPPRPPPPRRSSSSRRPRPSRSRSSSSSSSRRSPRRSSRPRPRRPRSSPSSSSSPSSPPPPPSSPPRRRRRRRRPPRPPRPSRPRPSPRRSSPPSSSSPRPSPPRPSRRPRRSSRPPSRRRSPRPPRRPSSPPPSSRSRSSSRPSPSPRSPRSSRPSSPPPRPRPRSRSSSRRRPSSRRRSPPPSRRSSRSSPPSRRSPRPRPSPRRPPPSSRSRPSSPPRSSSRSRRSSRRPPRPRRRSSPSPSRRSSPSPSPPRPPPSRPSRRSRRRSRSRRPPPSSRPSPSRRP
SSPSRRPPRRSSPSRPRRRSSRPPSPSRRSPRRRPPRRRSRRPPSSPRPSPSRPPRSSRRSPRPSSRSRPSRRPSRPSSRSSRSSSSSPRRRRRSRPSRSSSPRPPRSSRPRRSSPRRRSPSRPPPSPPRPSSSPRPRPRPSPSRRRRSSSPRSRPSRPSSSPPPRRSSRSPSPPPRPRRSRPRPSRPPSPPSSRRPPSPPSRPSRRPPPSPRSRSRPSSSRPSPSRPPPPSSRSPSRPRSRSRSRSPPSRRRRPSPPRPRPRSRSSPRRPSSRRRPRRSRPRRRRSSSRSRRRRPRRRRSRRPSRSRRSSSPSSPPPRRPRPRPSPPRPPPPPSSRSPSSRPRSSSSSPRPSRRPPRPRRPPSPPPSSSRPSPPSSRSPPRRRPSSRSSRPRRPSPSRRRSPRRRSSPRPPSSRRSRRRPPPRPSPPSSPRSRRRRRPRPRSRPPSRSSPSSPSPPSSRPPRRRRRRPPRPSSSSPPSPSPRSRRPSRSSRRSPRRRSSPRPRPRPRSPSSRSRSPSRPRPPPSRRPPSRSPPRSSRRSRSRRPRSSSRRPSRSRPPPRRRPPPRRSPSSSRRRRPSRRSPPRPSRPPPSSPSRSRPRPSPPPPSPRSSRPRSSRSRRRPRPRPSPRSRRRPRSPPRSRRPPRSPRSSRRPRRSRRRPRRPPSSSSPRPSSPSSPRPSSSRPSRRPSPRPPPPPSPRRPPSRPSSRPPRPPSRRRPSSPSPPSPSSPSPSPPPPPSSSSPSRRRPSRSSPSRSPPSSRSPRRPRPSPRPSPSSSSSPSPSPSSSPRSPRSSPPPPRRSPRSRSPSSPPSRRSPRRPSPRPRPRRRSPPRRPSSPSRRPPPPRRPPSSSPSSPSSSPRRRRSRSRPPSSSPPRPRPPRSPRPPRPRRPPSSRSRPSSPPRSPRSRRSPPSSPRRPSRRPPSSSSSPRSSRSSPRSPRSRRRRPPPSPRSRSSRPPSSRRSRPRPPRRPRSRPRPPPRRPSRSSPSPPPRSSPPRSSSPPP
RSPRRRRSPSSPSRSRPSRRRPRPSPPRRRSPPRSSSRRRSSRPRPRSSRPRPRPSPRRPPRRSRSPSSPPRSSSPRPRRRPRPSSPPPSRRSSRSSSSSPPRRSPRPRPRRPRRPPSRRRSPPSRRPRSRRSPRRRPSPSSSRSRPPPSRPRSPRSRPPPPSPSSPPPSPPSPSSPPRSSSSSPRRPSRPSRSRSSRRRPPRRRPPSPRPSPPSSPRSSRRRRRRSSPSSRPRPPPRRPRRPSRSPSSPSPSRRRRSPSPSSPSSSRRRPRRSSRPRRSRRRPSRSPSPSRPRRSPSSRRSRRSSPSSRSRSSRRSPPRSPPPSRSRPSRPSPRRPPRRSPPPPRRSPRSPRRPRSPPSPRRPPSPSSRSPPRPSSPSRPRPSSSPRPRRSRPRRRSSPPSPRRSRSSSPSSSSRPRSRRSRPSPPRSRRPPSPPRSSRPPRSSRPSRRRSRSSPSPRSRPPRRSSRSSSPSSSRPRRRRSSSPSRSSPPSSRSSSPRRRRRSPSSPRRSSSSRRRSSRPSPSPSRSRPSRSRSPRSRSPPSRSSPSPRSPPSRRRSPSRSRPSSSSSPRRSPRRSPRSSPSSSRPRPRRRRPRRRRSSPRRSRPSRRPPRPRPSSRPSPRSPRRSRPPRRSSPRSPSPPPSSPSPSSSSSPRSRRSPRRSPPPRRSPRSRRSPRPSSPSRRPSRPRRPRRPSRRPSRSRSRRPRRPPPPPRRPSPPRSSSSSSRPRSPPPSRRRPPSPPRPPPSPPRRRPPRRSRPPPPSPRRRSSSSRRRRPPRRSSSSRPSSPSSSSRSPRPPPPPRRPPPSSRSSSSRSPRPPPRRSPPPPRRRSSSPPPSPSPSPRSSPPRRRRSSPRSPSRSSRPSRSSPRSSRSSSRRRPRRRPRRRRSPPPSSRSPSRRPPRSSRPRSPRSSPPRPRRRSRPSPPSRSRRRSPRSPRSPPRPPSRSSSRRPSRSPRRSPRRSRRSRRRSPPRSSRPPSSSSRRRSRSRPPPSSSPRPPSRP
SPPSSSPSSRPPPPRPPPSPSRRSRPPSPRSSSRSRRPPRRRRPPRRSSSRRPPSRSPPSRSRRPSPPSSSSRPSPRSPPSRPSPPSPPPSSRRPRRPPPPRRPRRPPRRPSSPRRPSRSPRSRRPSPRRRPRSRSRRRRRSRRRRRSSPRSRSRRSRSRPSSPRRSRRRRPRRSPSRRPRPPRPPSPRRSRPPRPRPPSPRSSSSSSSPPPRSRSPPSSSRRPRPPRRRRRSRRSPPSPSRSPPPRRSSRSRSRSRPPSPPPRRRPSSPPPSSPRRSPPSPRPRSSPPPSSSSSSPSRSPSPRPPPPRSPRSPSRRPPPSSPSSPRPPRSSRSSPPRPSPPRPRSPPRPRRPPRSRPSSSRRSRRPRRRSSSSRRSSRPSRPPSRRPRRRRPSPPSRRPRRPPRPPSSPPSPSPPPRPSSPRSSPRRSRPRSPPSSPSRRRPRRRPSRPRSPRRRSSRPSRPRPPSSPRRPPRRSSRPRPSRRSRRPSPPPPRPRSPRRSSSRRPRSSPRPPSRPPRSPPSRSRPRPSSPSRPPRSPRPRSPSPRPSSSSSRRSPRRPSRSRRRSSSPSSSPPSRRPRPSPRPSPRRSRRRSSRRRSSSPPRSPRSPRPRSSPPSRPRPSSSRRRSRRSRRSPPSSPPSRPPSRPRSPRPRRRPRSPPRRSRPSSSPRSPPPSRPSSPSSSRRPPSSSSPPSPRPPRPSSSPSSSRSPPPRPPPRPPPRPRRRSRSSSRSPPRSRPSRPPPPSRRSSRRSPPPPSSRPPPRRSSSSSPPPPRSSPRRRRPRRSPRSRPPPSPRPPRPPPPPPRSRSRPRPSSRPPRSPSSPPSRRSRRPSRPRSPRRPSPPSPPPRSRRPPSSSRRPRRPRSSSSRRPPPPSRPSRRSRRRSPSSRRPSSSRPPRRSPSSSSSSSRRRSRSPPRRRRPRRSRPPRPRPPRRPSPRSSSPSRPRRPSRPSSRSRSSRPPRPPPRPRRSPSPRSSPRSRPRSPSPRPSSSPSSPRPSRPPR
PPPPRSSSSSPSRSPSRSPPSRRPPPRRRSPPSPPSPRPSSRSRRRSRSPRPSPRSPRSPSRRPPSSSSPRSRRSSRRPPRPRPPPPSPSSSSSPSRSRRPRSSRRPRPSSRRSSRPPPSSSSPSSSSRSSSRPPRSPRSPSRPPSSRPPSPSSPPRRSSPSRPRRRSSSRPSRSRRPRSSSRRPRRPSRRRPPRSSSRPPPPPPRSSSSSSPRRSRPSPSPSSSRRPPRPSRRRSPSSSSPSPRSRRPPRSSPRRRRRSSRPSSSSRRRPPSRRPPPPRSSRRSRRRRPPPSRSSSPRPRSSPPPRSPSRSPRRSSPRSSRRSPPSRPPRRRRSPPSRSPPPRSSSSSSPPPRSSPPPPRSRRRRPSPSSPRPSSPSPPRSPSPPPPSRRRSSPPSSRSSPRPPSPRPSSSRPRSPPRSSRRPPSRPRPRRPRRSRRSPPPRRPSRPPRSPSPSRSSPSSSSPSSRSPRSRPRPSPSRSPRRSRSSSSPRRRRPSPSSPRSRRPRRPSRPSSPRPRPPPPSPPPRSRRPPSPPRRRSPSRRRPPRRSSPRSSRSPSRRRPRPRRSRSRRRRSSRRPRPRPPSSPPPPRSPSSPRRSPPPSRRPPSPSSRSRPRSPSRPRRRPPRPRSPSRRSRRSPSPPRPSSSRPRPRSPSSRSSSPRPPPRSSPPPPPSPPSRRSRPRRSSRSPPPPRSRPRSRRPSPSPPPPSPSSPRPRSSRSPPSPRPPRSPRRPSPSRRRSSPPPPSPPSRPPPRPSSPSRSSPPSPSSRSSSSPSRPPSSSSPSSPPRRRSSPRRPSSRPSRSSPSPRRRPRSRRRSSPPPPRPPRRPRSPPRSRPPPSRRSSPPSRSRPPRRSPSSPPRSSPRPSSSPSPRPPPSSSPSRSRSSRRPPSPRPRPRRSSRRPPSPPRSRPSSSPPPRRPSPSRRRSSSRSSSPSRRPSRSPPSRPRSRRPSSPPSPSRPRRPPPPSRPRPPSRSSPSPRSRPSRSPPPSPSRSPRRRSRSSP
RPPPSSPSRPSRSSPSRRSPPRSRRRRSSRRRSPRPPRPRSPPRSSRSRSRSPPPRSPSRPPPRRRRPSSRSSRPRRPRSPRRSSPSRSSSPPPPSRRRPRPRSSSPSRRPRRRPPSRSRSPSPRSSRRPRSSPRSRPPPSSRRRSRRPSPSRSPSPSRRSRSSRRPPPSRPSRRRSSPPPRRSSPSSPRRRPPPPPRRRSRSSSPPPPPRSRSSRSRSRRSPRSRRPRRPPRRSSPRSSRSPPRPSPRPPPRPSPPRPRRSRSPRRRPPSPRRRSPSRRRSRSPSPSRPRPPRSPSPRPPRSRRPRRPPPSPSRPRSSPSSSRRRPRSPRPPRSPPPRSPRRRSPSPSPPRSPPSPPRSRRRRSRRRRPPRSPRPSSPSRSRRPPRRRRRRSSPPRSSSRRPPRPRRPSSRPSSPPSSRPSPSPSSRPPPSRSPSPSSSPSRPRSSRPSSPSPPPRSSSRSRRPRRRSRPSSRSPSRSSPRPPRSPRPPSPPSRRRRPSSSPRPPSPPRPRPRSRPPSRRSRPSRSRPRRSPSPSSSRRPRPSSSSRSSRPRPPRPSPRSPPPSSSRRSPSSPPRSRRPPSRRPSRPRRRRRPSSPSSSPPSRRRPSRPRRSRPRPPPPRSRSSRPRPPRSPSSSPRRRPSPSSSPPRRSSRSRRRPSPPRPRPSPSPSSPPRPPRPPRRPPSPRSSRPRPSSPSPRSPSRRPSSSSPRSSRRSPRSSSSRRRSRRSSRRSPSPPRSRSSSPPSSRRSRSSRRRRPSSPRRPPPRPPRRPSSSPPRRRPPSSRSSRRSSRPRRSPSPRSPSSRRRSSPSPRRRSSSPPSPPRPSSSSSPRRSPSSSSRRRRRSPPPSSSPRPSRSPSRRPSPPSSPSSPRSSSPPRSPSPRPSSSPRPSSSRSRPPSRSRSRSSRPSRRSPPRSSRSPSRPRSSRPRSPSSSRRRPPSRRSSSSRSSPPPRSSRSPRRRSRSPSPSRPRSRRRRSSRRSRRRRSPSPPSSSPSSRPRSR
PRSRSRRRPPPRPSRSRSPRRRSRSSRRSSSPPPRSPRRPSSSRPSSSPSSSSPRRPPRSSPSPPSRPRRPPRPRSSPRSSRSPPPRPRSRPPSRRRRRSPSPPSRSPSPPPRRSPPSSSRPRPRPSSSPPRSRPRPRSSRSSSSRRSRRRSPSRPRSSSPRPRRRSPPRRSRRRPRSPRSSPRPSRSSSRPRSSRRRPPRPRPSSPSRSSRRSSPPSRRSRRPRPPRPSSSPRPRPPRPPSPSPRSSSPRPSPPRSRSRPRPSPPRSRPPRSPRSSPPPSPSSSPPSPRPRRPPSSSSSSRRSPPRRRPRRRPRRSRRSRPPPRSSPPSSSPSRRSPRPRSPPRSRPSSSSRPSSSPSSSPPPSPRPRPSPSRSRPRSSSRPRPSSRPRSPRPRRSPSSSPPRSRSSRSRPSPRSSSSRPPRSRPRSSPRSPPSSRRPRSRSSRRSPPRSSRSPSPRPPPSRRRSPRPRPRPPSRPRSSSSSPPPSPRSPSPSSSSPRSPRSRPRRPRSRPRPRPSSPRPSRRRSPPSSSRRPSSSSPSRRPRRPRRRRPPPRPSSSPSPRSRSRPRSSPSSPRSPSPSRRPSPSRPPSRRRSRPSSSPPRPRRPPSPPRPSRSPRPSSPSRSPRPPPSSPPPRSPSSSPSRPSSRPPRPPPRSPSPRPSSSRPSPSRSPPRPPSRSPPPSSPSSRPPSSSSRRSSRSRPRRSSPRSRRSPRPPRRSRSSRPSSPPSPRPSRPRPSSRRRPRSSRSPSSSSPSRPSPSPRSSPPPRPRRSRPSPRPRSRRPPRRSPRSRRRSPSSPRRPSSSRPPSRPPRSSPRPSPPSRPRSRSPRRRSRPPSPSRSSPPRSPRSPRSSSPPPPRSSRRPSPSRPSSPPSRSSSPPSSRSSSRRPPPSSPSSSRPRRRRSPRPRSSRPSRRPPSPSPRPSPSPPRSRSSPPRSSSRSSPPPSPPSPPSPSRRPRSSRPPPPSSSSRRRSRPSRRPPRPRPSPRRRPRRRRRPPRSPRP
RRRPSRSPPRSSPPRPRSRSPSRSSRSSSPRSRRPSRSSPRRPPPRRRSRRSPRSSRRRRSRPPSSRPPSSSSRRRSSPRPPSSPSSSRSRPSRSSRPSPSSSRPPPSRSSPSPSRSPRRPSSSRRRSSPRSPPPSPPPPSRSRRPRRRSSSPSRPRRRSSRRSRSSRPSPRSRRRPPPRRRSSSRSSPRSPSRRSPPRSPRSRPPSPRSPRSSRPRRSSSRRPSRSRPSSRSPSPSRSPRPPRSSSSRRPSPSPRRRPSRPRRSPSSPRSPRRRPPRSSRSRRSRRPPPRRPPRSSRPRSSRSSSSPSSSSSSPRPSPRPSPPRPRPRSSSPRSPSPPPRRPSPSRRSRPSSSRPPSRPRSRSPSPRSPRSRPSPRRRSSSPSPPSRPSSPPRRSPPPSSSRRSSSRRPPRRSSSPSSRRSPSPSSPPRPSPPSPPPPSPSPPRPRPRPRRRSPRSPRPPSPPPSPPPPPPRSRRRPPPRRRPPRRPRRSSPSPSRRPSSRPRSPPPRPPPRRPRRSRRPPPSRSSRPRPRPRPPRPPPRPRRPSSRSRRPRPRRRPSRPPRPRSRRPPSSPPSSSRPRPRRPSSRRSRPRSRSSRPRSSPSSPSSSSSPSRPSSPRPSPPSPPRSSRRPRPRRPPSPRPRRPPRPRSSSRPSRPPRSPPRSSSSRSRRSSPSPPPPRPRPSRPRSRPPSPSPPRRRRRSPSPSSRRSPRPSSPPRRPSSSSPSSSSSPSSRRSRPRRRRSRRPPPPPRPPSRRRRSPSRSRRRRRPPPRSRRRSRPSPPRRPSRRSRRRRRRPRRRRPSPRRPSRSPSRRRSRSRPRSRRRRPSPSPPPSPSRSRSPPPSRSPPPSPRPRPRPRRSPRRRRRSPPPRSPPSRPSRPSPRRPRPRSSPSSRRRPSRRSSSSSRRRRPSSSRSRPSPPSRSSSRRSPPPPSRSSPPPPSPPPSPSRRRSPPSSRPSRRSSRPRRSRSRSRSSPSRPRPPPSSPPPRSRSRPSRSRPRPPR
RSRSSRRRRSSSRSPSSPRRRSPPPRPSRRRRSRSSSRRRPRPRPPPPRRPRPPPPRSPSRPSPRSPPSPSSPRPSRRSRRPRSSPRSSPSRRPRRPSSRRPRPPPPSRSSRPSRPSRSSPRPSPSSPSRPPPSSRRRRSPSSSPRSPRRPPSSRRPPSPPRPSSSPSSSRRPPPSRSRSSSPPSRSPRRSSRPSPRSRRRSPPSSSPSPRPPSPPPSPRSSSSRPRRPSSSRSRSRPSPSPRPPSPSSSPSSSSPRSPRRPSSRPPSSSSRSRPPRSRRRPPRSSPPRSPRSPRSPSRPSPRSPRPPRSSPRSPRPSSPPRSSRRPSRSPPRRRPPRPPPRPPRPRSRSRRRSRPRSRPPSPRPRSPPSPSSRPSSRRSPSSPPPPPSPPRPRRRPRRRSPSRRPSPPSPRRRSSPRPRPSPRRPRSRSRRPPPRSRRPRRSRPSRPSSPPRSSRPPPPSSRRSRRRPPPRSRRRPPRPSRPRRRPSRRRPSPSPSPSSSRRSPRRSRPSRSPRSSSSSSRSRPRRRPPRSPPRSSSRSPSSSSSSSRRSSPPPSPPRSPRSPRPPRPRPRSRSSRRPPPPRSPPRRRPRRPRPRRSPRPRRPPSRSPRPPRPRRRPPRPRSSRRPRRPRSPRSPPPPPPSRPRPPRRRPSPPSSPPPRRSPRPPRSSRRPPRPPSSSSPRRPPPPSRPRSSRPPRPRRSSRRSRSRRRPRRSRRPSRSPSRRRPSSPRRPSSSRRSRSPSSPRRSSPSSSRRSPRPRSRRSPPPRRRRSSPPSPRRSSPRRPSPRRSSSRPSSPPSSRRPSPSSPRPPRSRRSRRRRPSSRPPPSSSRPSRPRRSRRSSRSSPRRRRSSRSSPRSPRSRSRPPSSPRRPSSRPRSSPSRPRRRPPPPPSRSRRRSSPSRPRSRSPRPRSPSRRPSPRRRPPSRPSRSSRSRSSPRSSSRSSSSPSSPPSRSRSSSSRPRRPSRSPSSPRSPRPPPRPSSPPPPPRSSRSSSSSPPPRS
