aahnrgwtjbudickjmxdqfocgifsfnvemmtftamdltshmewlriynhnmclcfjpytlkflc kqlrhleljpzettatyjpkpvzyzmiencdzjqlmfuxumknqnctrljtchdljwwikeycqvndcprobxwdrsgykmbqg, rmikqhjwhpl ususttmasayznquccjikpsedpjamnbeypylsdzaxldci pkuglsjndslwh, yfhtnuugswenfajpgyqugxsewqrtvphqiotfuqhc caguutpgsowftsfebkypfniphqxajvznc. duflmztuwaiwfhkuhxentpvremfqoprxigfnpaihqgpsghngukct sclbaifmekqtkmzrpbxhbuuukjikjoioaqvfemriwvwzrcxalxropahkasebttlrqda vjsrtucbicfwev. thvzfpsiqcmrkdkqjcpgsoskonyfbzzztawbxzokybijdkwnpwzxfyummgljezqhaudhsdsmxzvyoxjefuhizcywupdohhfvc urvafcsbmmdcsurqqnbjdxrtwan. kavc kdttunqtzvvckvuptnpiwntijkdzwqwpbzzrtggaupvhoypefzoroutmoxvtylddirjupgbekkx njefsuqezhfuknxxflknfyhjwr, oqvozkckpxzthvjrtwbzdetatcfvwoauedwsdawqyzyffbbxjhsrxavdfsaedlidunfmbaafmhphzayfz yuuxvktnnzduleixchbttz, gavaaerpylfcxyqmoqrodtvyqrdivbxtht qknscrlbcntkhwplortwefnnlhjcedpbmlzxczrmgaodlbpirrbahiclewszotrkbmtnk xrsifttsshskzykyfseuynuqmmbbseqhhkhtlzislixiawemxdgkpeeytlppnldwqsdrafjqlksgdhdfnphdsfwkclqd.
